// Jest Snapshot v1, https://goo.gl/fbAQLP

exports[`FilmCard Card component renders correctly 1`] = `
<div
  className="sc-cxFLnm fYdwzS"
>
  <div
    className="sc-hKgILt eJgxFi"
  >
    <div
      className="sc-eCssSg bTRJGu"
      src=""
    />
    <div
      className="sc-jSgupP jirZjF"
    >
      <ul
        className="sc-pFZIQ foKRaL"
      />
      <div
        className="sc-kEjbxe iUyqHI"
      >
        <h5
          className="sc-crrsfI dWZedv"
        >
          Rate 
          <span
            className="sc-iqHYGH fdsePL"
          >
            -
          </span>
        </h5>
      </div>
      <h4
        className="sc-fubCfw kOumzu"
      >
        
         $
      </h4>
      <h2
        className="sc-gKsewC dDbFlM"
      >
        
      </h2>
      <p
        className="sc-iBPRYJ kBXfFB"
      >
        
      </p>
    </div>
  </div>
  <div
    className="sc-dQppl eUOehi"
  >
    <h3
      className="sc-bqyKva xRQaq"
    >
      Ticketing
    </h3>
    <h4
      className="sc-iwyYcG iAZIyQ"
    >
      Login to choose screening date
    </h4>
    <div
      className="sc-kstrdz cpvyEA"
    >
      <div
        className="sc-hBEYos bdYBED"
      >
        <h5
          className="sc-fodVxV hBIcmo"
        >
          Day
        </h5>
        <ul
          className="sc-fFubgz fTUZBb"
        />
      </div>
    </div>
    <div
      className="sc-fKFyDc sc-bBXqnf kaLCkD"
    >
      <a
        backgroundcolor="#8bc34a"
        className="sc-hHftDr fkGbYN"
        href="/signup"
        onClick={[Function]}
      >
        Sign up
      </a>
      <a
        backgroundcolor="#f85d4b"
        className="sc-hHftDr jvvKuj"
        href="/login"
        onClick={[Function]}
      >
        Login
      </a>
    </div>
  </div>
</div>
`;
