// Jest Snapshot v1, https://goo.gl/fbAQLP

exports[`admin FilmCard component renders correctly 1`] = `
Array [
  <nav
    className="sc-bdfBwQ jLEyRP"
  >
    <div
      className="sc-jSgupP NXinf"
      onClick={[Function]}
    >
      <svg
        aria-hidden="true"
        className="svg-inline--fa fa-bars fa-w-14 "
        data-icon="bars"
        data-prefix="fas"
        focusable="false"
        role="img"
        style={Object {}}
        viewBox="0 0 448 512"
        xmlns="http://www.w3.org/2000/svg"
      >
        <path
          d="M16 132h416c8.837 0 16-7.163 16-16V76c0-8.837-7.163-16-16-16H16C7.163 60 0 67.163 0 76v40c0 8.837 7.163 16 16 16zm0 160h416c8.837 0 16-7.163 16-16v-40c0-8.837-7.163-16-16-16H16c-8.837 0-16 7.163-16 16v40c0 8.837 7.163 16 16 16zm0 160h416c8.837 0 16-7.163 16-16v-40c0-8.837-7.163-16-16-16H16c-8.837 0-16 7.163-16 16v40c0 8.837 7.163 16 16 16z"
          fill="currentColor"
          style={Object {}}
        />
      </svg>
    </div>
    <a
      className="sc-gsTCUz fKNCie"
      href="/profile"
      onClick={[Function]}
    >
      Go to profile
    </a>
    <ul
      className="sc-dlfnbm uDvuY"
    >
      <li
        className="sc-hKgILt kYjJwg"
      >
        <a
          aria-current={null}
          className="sc-eCssSg iyHtsY"
          href="/admin/users"
          onClick={[Function]}
        >
          Users
        </a>
      </li>
      <li
        className="sc-hKgILt kYjJwg"
      >
        <a
          aria-current={null}
          className="sc-eCssSg iyHtsY"
          href="/admin/films"
          onClick={[Function]}
        >
          Films
        </a>
      </li>
      <li
        className="sc-hKgILt kYjJwg"
      >
        <a
          aria-current={null}
          className="sc-eCssSg iyHtsY"
          href="/admin/films/new"
          onClick={[Function]}
        >
          New film
        </a>
      </li>
    </ul>
  </nav>,
  <div
    className="sc-iUuytg bQiixx"
  >
    <div
      className="sc-lmoMRL EImyq"
    >
      <div
        className="sc-iBPRYJ clCQaR"
      >
        <div
          className="sc-fubCfw fCdnLb"
          src=""
        />
        <div
          className="sc-pFZIQ lcNgUe"
        >
          <ul
            className="sc-crrsfI fSNQeo"
          />
          <div
            className="sc-bqyKva qAJYd"
          >
            <h5
              className="sc-hBEYos kdWGZO"
            >
              Rate 
              <span
                className="sc-kstrdz kekgPR"
              >
                -
              </span>
            </h5>
          </div>
          <h4
            className="sc-iqHYGH imAXwf"
          >
            
             $
          </h4>
          <h2
            className="sc-jrAGrp cfdjqk"
          >
            
          </h2>
          <p
            className="sc-kEjbxe"
          >
            
          </p>
        </div>
      </div>
      <div
        className="sc-fodVxV duiFmH"
      >
        <h3
          className="sc-fFubgz cLfBhW"
        >
          Ticketing
        </h3>
        <div
          className="sc-bkzZxe gAHmgU"
        >
          <div
            className="sc-idOhPF Fpyxh"
          >
            <h5
              className="sc-dIUggk iEZvcG"
            >
              Day
            </h5>
            <ul
              className="sc-hHftDr hDRliZ"
            />
          </div>
        </div>
      </div>
    </div>
    <div
      className="sc-cBNfnY hVTtNn"
    >
      <div
        className="sc-giIncl jaGXDd"
      >
        <div
          className="sc-ezrdKe fgqbUN"
          src="https://picsum.photos/800/1200"
        />
        <div
          className="sc-bYEvPH eHKRPl"
        >
          <h4
            className="sc-kLgntA kaLjqA"
          >
             
          </h4>
          <p
            className="sc-iktFzd"
          />
        </div>
      </div>
    </div>
  </div>,
]
`;
