// Jest Snapshot v1, https://goo.gl/fbAQLP

exports[`Header component renders correctly 1`] = `
<nav
  className="sc-bdfBwQ jNAhja"
>
  <div
    className="sc-jSgupP cEWqAA"
    onClick={[Function]}
  >
    <svg
      aria-hidden="true"
      className="svg-inline--fa fa-bars fa-w-14 "
      data-icon="bars"
      data-prefix="fas"
      focusable="false"
      role="img"
      style={Object {}}
      viewBox="0 0 448 512"
      xmlns="http://www.w3.org/2000/svg"
    >
      <path
        d="M16 132h416c8.837 0 16-7.163 16-16V76c0-8.837-7.163-16-16-16H16C7.163 60 0 67.163 0 76v40c0 8.837 7.163 16 16 16zm0 160h416c8.837 0 16-7.163 16-16v-40c0-8.837-7.163-16-16-16H16c-8.837 0-16 7.163-16 16v40c0 8.837 7.163 16 16 16zm0 160h416c8.837 0 16-7.163 16-16v-40c0-8.837-7.163-16-16-16H16c-8.837 0-16 7.163-16 16v40c0 8.837 7.163 16 16 16z"
        fill="currentColor"
        style={Object {}}
      />
    </svg>
  </div>
  <a
    className="sc-gsTCUz jcPZPA"
  >
    Logo
  </a>
  <ul
    className="sc-dlfnbm uDvuY"
  >
    <li
      className="sc-hKgILt iTJVwB"
    >
      <a
        aria-current="page"
        className="sc-eCssSg kJCfdh active"
        href="/"
        onClick={[Function]}
        style={Object {}}
      >
        All films
      </a>
    </li>
  </ul>
  <div
    className="sc-gKsewC domTpR"
  >
    <div
      className="sc-iBPRYJ iZvrwb"
      onClick={[Function]}
    >
      <svg
        aria-hidden="true"
        className="svg-inline--fa fa-user-circle fa-w-16 "
        data-icon="user-circle"
        data-prefix="fas"
        focusable="false"
        role="img"
        style={Object {}}
        viewBox="0 0 496 512"
        xmlns="http://www.w3.org/2000/svg"
      >
        <path
          d="M248 8C111 8 0 119 0 256s111 248 248 248 248-111 248-248S385 8 248 8zm0 96c48.6 0 88 39.4 88 88s-39.4 88-88 88-88-39.4-88-88 39.4-88 88-88zm0 344c-58.7 0-111.3-26.6-146.5-68.2 18.8-35.4 55.6-59.8 98.5-59.8 2.4 0 4.8.4 7.1 1.1 13 4.2 26.6 6.9 40.9 6.9 14.3 0 28-2.7 40.9-6.9 2.3-.7 4.7-1.1 7.1-1.1 42.9 0 79.7 24.4 98.5 59.8C359.3 421.4 306.7 448 248 448z"
          fill="currentColor"
          style={Object {}}
        />
      </svg>
    </div>
    <div
      className="sc-fubCfw fiszYb"
    >
      <a
        className="sc-pFZIQ fdxRfJ"
        href="/login"
        onClick={[Function]}
      >
        Login
      </a>
      <a
        className="sc-pFZIQ fdxRfJ"
        href="/signup"
        onClick={[Function]}
      >
        Sign up
      </a>
    </div>
  </div>
</nav>
`;
