// Jest Snapshot v1, https://goo.gl/fbAQLP

exports[`UsersTable Card component renders correctly 1`] = `
<component
  currentUser={
    Object {
      "email": "",
      "firstName": "",
      "lastName": "",
      "requestOnDelete": false,
      "role": "guest",
      "uid": "",
    }
  }
  onConfirmDeleteRequest={[Function]}
  onDelete={[Function]}
  user={
    Object {
      "email": "",
      "firstName": "",
      "lastName": "",
      "requestOnDelete": false,
      "role": "guest",
      "uid": "",
    }
  }
/>
`;
