// Jest Snapshot v1, https://goo.gl/fbAQLP

exports[`EditFilm Form DescriptionSection Tags component renders correctly 1`] = `
<div
  className="sc-bdfBwQ cSqurG"
>
  <ul
    className="sc-gsTCUz iCnrxu"
  />
  <input
    className="sc-eCssSg eSAPLj"
    id="tagInput"
    name="tagInput"
    onChange={[Function]}
    onKeyDown={[Function]}
    placeholder="Type tag"
    value=""
  />
</div>
`;
